C:\Users\Johan\Documents\GitHub\SchoolStuff\Simuleringsopgave_Eksamen\PLC_Eksamens_Projekt\Logical\Global.typ
C:\Users\Johan\Documents\GitHub\SchoolStuff\Simuleringsopgave_Eksamen\PLC_Eksamens_Projekt\Logical\Global.var
C:\Users\Johan\Documents\GitHub\SchoolStuff\Simuleringsopgave_Eksamen\PLC_Eksamens_Projekt\Logical\Libraries\operator\operator.fun
C:\Users\Johan\Documents\GitHub\SchoolStuff\Simuleringsopgave_Eksamen\PLC_Eksamens_Projekt\Logical\Libraries\operator\operator.typ
C:\Users\Johan\Documents\GitHub\SchoolStuff\Simuleringsopgave_Eksamen\PLC_Eksamens_Projekt\Logical\Libraries\operator\operator.var
C:\Users\Johan\Documents\GitHub\SchoolStuff\Simuleringsopgave_Eksamen\PLC_Eksamens_Projekt\Logical\Libraries\runtime\runtime.fun
C:\Users\Johan\Documents\GitHub\SchoolStuff\Simuleringsopgave_Eksamen\PLC_Eksamens_Projekt\Logical\Libraries\runtime\runtime.typ
C:\Users\Johan\Documents\GitHub\SchoolStuff\Simuleringsopgave_Eksamen\PLC_Eksamens_Projekt\Logical\Libraries\runtime\runtime.var
C:\Users\Johan\Documents\GitHub\SchoolStuff\Simuleringsopgave_Eksamen\PLC_Eksamens_Projekt\Logical\Libraries\astime\astime.fun
C:\Users\Johan\Documents\GitHub\SchoolStuff\Simuleringsopgave_Eksamen\PLC_Eksamens_Projekt\Logical\Libraries\astime\astime.typ
C:\Users\Johan\Documents\GitHub\SchoolStuff\Simuleringsopgave_Eksamen\PLC_Eksamens_Projekt\Logical\Libraries\astime\astime.var
C:\Users\Johan\Documents\GitHub\SchoolStuff\Simuleringsopgave_Eksamen\PLC_Eksamens_Projekt\Logical\Libraries\AsIecCon\AsIecCon.fun
C:\Users\Johan\Documents\GitHub\SchoolStuff\Simuleringsopgave_Eksamen\PLC_Eksamens_Projekt\Logical\Libraries\AsIecCon\AsIecCon.typ
C:\Users\Johan\Documents\GitHub\SchoolStuff\Simuleringsopgave_Eksamen\PLC_Eksamens_Projekt\Logical\Libraries\AsIecCon\AsIecCon.var
