C:\Users\Johan\Documents\GitHub\SchoolStuff\Simuleringsopgave_Eksamen\AutomationStudio\PLCEksamen1\Logical\Global.typ
C:\Users\Johan\Documents\GitHub\SchoolStuff\Simuleringsopgave_Eksamen\AutomationStudio\PLCEksamen1\Logical\Global.var
C:\Users\Johan\Documents\GitHub\SchoolStuff\Simuleringsopgave_Eksamen\AutomationStudio\PLCEksamen1\Logical\Libraries\operator\operator.fun
C:\Users\Johan\Documents\GitHub\SchoolStuff\Simuleringsopgave_Eksamen\AutomationStudio\PLCEksamen1\Logical\Libraries\operator\operator.typ
C:\Users\Johan\Documents\GitHub\SchoolStuff\Simuleringsopgave_Eksamen\AutomationStudio\PLCEksamen1\Logical\Libraries\operator\operator.var
C:\Users\Johan\Documents\GitHub\SchoolStuff\Simuleringsopgave_Eksamen\AutomationStudio\PLCEksamen1\Logical\Libraries\runtime\runtime.fun
C:\Users\Johan\Documents\GitHub\SchoolStuff\Simuleringsopgave_Eksamen\AutomationStudio\PLCEksamen1\Logical\Libraries\runtime\runtime.typ
C:\Users\Johan\Documents\GitHub\SchoolStuff\Simuleringsopgave_Eksamen\AutomationStudio\PLCEksamen1\Logical\Libraries\runtime\runtime.var
C:\Users\Johan\Documents\GitHub\SchoolStuff\Simuleringsopgave_Eksamen\AutomationStudio\PLCEksamen1\Logical\Libraries\astime\astime.fun
C:\Users\Johan\Documents\GitHub\SchoolStuff\Simuleringsopgave_Eksamen\AutomationStudio\PLCEksamen1\Logical\Libraries\astime\astime.typ
C:\Users\Johan\Documents\GitHub\SchoolStuff\Simuleringsopgave_Eksamen\AutomationStudio\PLCEksamen1\Logical\Libraries\astime\astime.var
C:\Users\Johan\Documents\GitHub\SchoolStuff\Simuleringsopgave_Eksamen\AutomationStudio\PLCEksamen1\Logical\Libraries\AsIecCon\AsIecCon.fun
C:\Users\Johan\Documents\GitHub\SchoolStuff\Simuleringsopgave_Eksamen\AutomationStudio\PLCEksamen1\Logical\Libraries\AsIecCon\AsIecCon.typ
C:\Users\Johan\Documents\GitHub\SchoolStuff\Simuleringsopgave_Eksamen\AutomationStudio\PLCEksamen1\Logical\Libraries\AsIecCon\AsIecCon.var
C:\Users\Johan\Documents\GitHub\SchoolStuff\Simuleringsopgave_Eksamen\AutomationStudio\PLCEksamen1\Logical\Libraries\standard\standard.fun
C:\Users\Johan\Documents\GitHub\SchoolStuff\Simuleringsopgave_Eksamen\AutomationStudio\PLCEksamen1\Logical\Libraries\standard\standard.typ
C:\Users\Johan\Documents\GitHub\SchoolStuff\Simuleringsopgave_Eksamen\AutomationStudio\PLCEksamen1\Logical\Libraries\standard\standard.var
