C:\BrAutomation\Projekter_til_studiet\Opgave_med_Johan_simulering_31_3\Sortering_af_Kasser_med_robot\Logical\Global.typ
C:\BrAutomation\Projekter_til_studiet\Opgave_med_Johan_simulering_31_3\Sortering_af_Kasser_med_robot\Logical\Global.var
C:\BrAutomation\Projekter_til_studiet\Opgave_med_Johan_simulering_31_3\Sortering_af_Kasser_med_robot\Logical\Libraries\operator\operator.fun
C:\BrAutomation\Projekter_til_studiet\Opgave_med_Johan_simulering_31_3\Sortering_af_Kasser_med_robot\Logical\Libraries\operator\operator.typ
C:\BrAutomation\Projekter_til_studiet\Opgave_med_Johan_simulering_31_3\Sortering_af_Kasser_med_robot\Logical\Libraries\operator\operator.var
C:\BrAutomation\Projekter_til_studiet\Opgave_med_Johan_simulering_31_3\Sortering_af_Kasser_med_robot\Logical\Libraries\runtime\runtime.fun
C:\BrAutomation\Projekter_til_studiet\Opgave_med_Johan_simulering_31_3\Sortering_af_Kasser_med_robot\Logical\Libraries\runtime\runtime.typ
C:\BrAutomation\Projekter_til_studiet\Opgave_med_Johan_simulering_31_3\Sortering_af_Kasser_med_robot\Logical\Libraries\runtime\runtime.var
C:\BrAutomation\Projekter_til_studiet\Opgave_med_Johan_simulering_31_3\Sortering_af_Kasser_med_robot\Logical\Libraries\astime\astime.fun
C:\BrAutomation\Projekter_til_studiet\Opgave_med_Johan_simulering_31_3\Sortering_af_Kasser_med_robot\Logical\Libraries\astime\astime.typ
C:\BrAutomation\Projekter_til_studiet\Opgave_med_Johan_simulering_31_3\Sortering_af_Kasser_med_robot\Logical\Libraries\astime\astime.var
C:\BrAutomation\Projekter_til_studiet\Opgave_med_Johan_simulering_31_3\Sortering_af_Kasser_med_robot\Logical\Libraries\AsIecCon\AsIecCon.fun
C:\BrAutomation\Projekter_til_studiet\Opgave_med_Johan_simulering_31_3\Sortering_af_Kasser_med_robot\Logical\Libraries\AsIecCon\AsIecCon.typ
C:\BrAutomation\Projekter_til_studiet\Opgave_med_Johan_simulering_31_3\Sortering_af_Kasser_med_robot\Logical\Libraries\AsIecCon\AsIecCon.var
C:\BrAutomation\Projekter_til_studiet\Opgave_med_Johan_simulering_31_3\Sortering_af_Kasser_med_robot\Logical\Libraries\standard\standard.fun
C:\BrAutomation\Projekter_til_studiet\Opgave_med_Johan_simulering_31_3\Sortering_af_Kasser_med_robot\Logical\Libraries\standard\standard.typ
C:\BrAutomation\Projekter_til_studiet\Opgave_med_Johan_simulering_31_3\Sortering_af_Kasser_med_robot\Logical\Libraries\standard\standard.var
